[lifeinsys.com/item/malena/light/index.html]
[backblue.gif]
[fade.gif]
[index.html]
[lifeinsys.com/item/malena/resources/img/favicon.png]
[lifeinsys.com/item/malena/resources/fonts/opensans/stylesheet.css]
[lifeinsys.com/item/malena/resources/fonts/ionicons/ionicons.min.css]
[lifeinsys.com/item/malena/resources/fonts/fontawesome/font-awesome.min.css]
[lifeinsys.com/item/malena/resources/css/bootstrap.min.css]
[lifeinsys.com/item/malena/resources/js/lib/swiper.min.css]
[lifeinsys.com/item/malena/resources/js/lib/jquery.fullpage.min.css]
[lifeinsys.com/item/malena/resources/js/lib/vegas/vegas.min.css]
[lifeinsys.com/item/malena/resources/css/style.css]
[lifeinsys.com/item/malena/resources/css/style-light.css]
[lifeinsys.com/item/malena/resources/img/logo-black.png]
[lifeinsys.com/item/malena/light/item.html]
[lifeinsys.com/item/malena/resources/img/team-1.jpg]
[lifeinsys.com/item/malena/resources/img/team-2.jpg]
[lifeinsys.com/item/malena/resources/img/team-3.jpg]
[lifeinsys.com/item/malena/resources/img/project-1.jpg]
[lifeinsys.com/item/malena/resources/img/project-2.jpg]
[lifeinsys.com/item/malena/resources/img/project-3.jpg]
[lifeinsys.com/item/malena/resources/img/client-1.jpg]
[lifeinsys.com/item/malena/resources/img/client-2.jpg]
[lifeinsys.com/item/malena/resources/img/client-3.jpg]
[lifeinsys.com/item/malena/resources/img/subscrip-img.png]
[lifeinsys.com/item/malena/resources/img/phone-icon.png]
[lifeinsys.com/cdn-cgi/scripts/5c5dd728/cloudflare-static/email-decode.min.js]
[lifeinsys.com/item/malena/resources/js/lib/jquery-1.12.4.min.js]
[lifeinsys.com/item/malena/resources/js/lib/scrolloverflow.min.js]
[lifeinsys.com/item/malena/resources/js/lib/particlejs/particles.min.js]
[lifeinsys.com/item/malena/resources/js/custom.js]
[lifeinsys.com/item/malena/light/index.html]
[lifeinsys.com/item/malena/resources/img/favicon.html]
[lifeinsys.com/item/malena/resources/fonts/opensans/OpenSans-Bold-webfont.eot]
[lifeinsys.com/item/malena/resources/js/lib/all.js]
[lifeinsys.com/item/malena/resources/fonts/opensans/OpenSans-Bold-webfontd41d.eot]
[lifeinsys.com/item/malena/resources/fonts/opensans/OpenSans-Bold-webfont.woff]
[lifeinsys.com/item/malena/resources/fonts/opensans/OpenSans-Bold-webfont.ttf]
[lifeinsys.com/item/malena/resources/fonts/opensans/OpenSans-Bold-webfont.svg]
[lifeinsys.com/item/malena/resources/fonts/opensans/opensans-light-webfont.eot]
[lifeinsys.com/item/malena/resources/fonts/opensans/opensans-light-webfontd41d.eot]
[lifeinsys.com/item/malena/resources/fonts/opensans/opensans-light-webfont.woff]
[lifeinsys.com/item/malena/resources/fonts/opensans/opensans-light-webfont.ttf]
[lifeinsys.com/item/malena/resources/fonts/opensans/opensans-light-webfont.svg]
[lifeinsys.com/item/malena/resources/fonts/opensans/opensans-regular-webfont.eot]
[lifeinsys.com/item/malena/resources/fonts/opensans/opensans-regular-webfontd41d.eot]
[lifeinsys.com/item/malena/resources/fonts/opensans/opensans-regular-webfont.woff]
[lifeinsys.com/item/malena/resources/fonts/opensans/opensans-regular-webfont.ttf]
[lifeinsys.com/item/malena/resources/fonts/opensans/opensans-regular-webfont.svg]
[lifeinsys.com/item/malena/resources/fonts/opensans/stylesheet.css]
[lifeinsys.com/item/malena/resources/fonts/ionicons/ionicons28b5.ttf]
[lifeinsys.com/item/malena/resources/fonts/ionicons/ionicons28b5.eot]
[lifeinsys.com/item/malena/resources/fonts/ionicons/ionicons28b5.svg]
[lifeinsys.com/item/malena/resources/fonts/ionicons/ionicons.min.css]
[lifeinsys.com/item/malena/resources/fonts/ionicons/ionicons28b5.woff]
[lifeinsys.com/item/malena/resources/fonts/fontawesome/fontawesome-webfont3e6e.woff2]
[lifeinsys.com/item/malena/resources/fonts/fontawesome/fontawesome-webfont3e6e.eot]
[lifeinsys.com/item/malena/resources/fonts/fontawesome/fontawesome-webfontd41d.eot]
[lifeinsys.com/item/malena/resources/fonts/fontawesome/fontawesome-webfont3e6e.ttf]
[lifeinsys.com/item/malena/resources/fonts/fontawesome/fontawesome-webfont3e6e.svg]
[lifeinsys.com/item/malena/resources/fonts/fontawesome/font-awesome.min.css]
[lifeinsys.com/item/malena/resources/css/bootstrap.min.css]
[lifeinsys.com/item/malena/resources/js/lib/swiper.min.css]
[lifeinsys.com/item/malena/resources/js/lib/jquery.fullpage.min.css]
[lifeinsys.com/item/malena/resources/js/lib/vegas/overlays/02.png]
[lifeinsys.com/item/malena/resources/js/lib/vegas/vegas.min.css]
[lifeinsys.com/item/malena/resources/css/style.css]
[lifeinsys.com/item/malena/resources/css/style-light.css]
[lifeinsys.com/item/malena/resources/img/logo-white.png]
[lifeinsys.com/item/malena/resources/img/item-pic.jpg]
[lifeinsys.com/item/malena/light/item.html]
[lifeinsys.com/item/malena/resources/fonts/opensans/OpenSans-Bold-webfont.svg]
[lifeinsys.com/item/malena/resources/fonts/opensans/opensans-light-webfont.svg]
[lifeinsys.com/item/malena/resources/fonts/opensans/opensans-regular-webfont.svg]
[lifeinsys.com/item/malena/resources/fonts/ionicons/ionicons28b5.svg]
[lifeinsys.com/item/malena/resources/fonts/fontawesome/fontawesome-webfont3e6e.woff]
[lifeinsys.com/item/malena/resources/fonts/fontawesome/fontawesome-webfont3e6e.svg]
